
Memory Configuration

Name             Origin             Length             Attributes
rom              0x0000000008000000 0x0000000000100000
ram              0x0000000020000000 0x0000000000018000
*default*        0x0000000000000000 0xffffffffffffffff

Linker script and memory map


.text           0x0000000008000000      0x13c
 *(.text)
 .text          0x0000000008000000       0x10 boot.o
                0x0000000008000000                _start
                0x000000000800000e                dummy
 .text          0x0000000008000010      0x12c notmain.o
                0x0000000008000010                notmain

.glue_7         0x000000000800013c        0x0
 .glue_7        0x000000000800013c        0x0 linker stubs

.glue_7t        0x000000000800013c        0x0
 .glue_7t       0x000000000800013c        0x0 linker stubs

.vfp11_veneer   0x000000000800013c        0x0
 .vfp11_veneer  0x000000000800013c        0x0 linker stubs

.v4_bx          0x000000000800013c        0x0
 .v4_bx         0x000000000800013c        0x0 linker stubs

.iplt           0x000000000800013c        0x0
 .iplt          0x000000000800013c        0x0 boot.o

.rel.dyn        0x000000000800013c        0x0
 .rel.iplt      0x000000000800013c        0x0 boot.o

.data           0x0000000020000000        0x0 load address 0x000000000800013c
 *(.data)
 .data          0x0000000020000000        0x0 boot.o
 .data          0x0000000020000000        0x0 notmain.o
LOAD boot.o
LOAD notmain.o
OUTPUT(final.elf elf32-littlearm)
LOAD linker stubs

.igot.plt       0x0000000020000000        0x0 load address 0x000000000800013c
 .igot.plt      0x0000000020000000        0x0 boot.o

.bss            0x0000000020000000        0x0 load address 0x000000000800013c
 .bss           0x0000000020000000        0x0 boot.o
 .bss           0x0000000020000000        0x0 notmain.o

.ARM.attributes
                0x0000000000000000       0x2f
 .ARM.attributes
                0x0000000000000000       0x21 boot.o
 .ARM.attributes
                0x0000000000000021       0x2e notmain.o

.comment        0x0000000000000000       0x59
 .comment       0x0000000000000000       0x59 notmain.o
                                         0x5a (size before relaxing)

.debug_info     0x0000000000000000       0x5d
 .debug_info    0x0000000000000000       0x5d notmain.o

.debug_abbrev   0x0000000000000000       0x59
 .debug_abbrev  0x0000000000000000       0x59 notmain.o

.debug_aranges  0x0000000000000000       0x20
 .debug_aranges
                0x0000000000000000       0x20 notmain.o

.debug_line     0x0000000000000000       0xe5
 .debug_line    0x0000000000000000       0xe5 notmain.o

.debug_str      0x0000000000000000       0xdb
 .debug_str     0x0000000000000000       0xdb notmain.o

.debug_frame    0x0000000000000000       0x30
 .debug_frame   0x0000000000000000       0x30 notmain.o
