
Memory Configuration

Name             Origin             Length             Attributes
rom              0x0000000008000000 0x0000000000100000
ram              0x0000000020000000 0x0000000000018000
*default*        0x0000000000000000 0xffffffffffffffff

Linker script and memory map


.text           0x0000000008000000      0x12c
 *(.text)
 .text          0x0000000008000000       0x16 boot.o
                0x0000000008000000                _start
                0x000000000800000e                PUT32
                0x0000000008000012                GET32
 *fill*         0x0000000008000016        0x2 
 .text          0x0000000008000018      0x114 main.o
                0x0000000008000018                uart_init
                0x0000000008000098                uart_send
                0x00000000080000bc                hexstrings
                0x00000000080000e8                binstrings
                0x0000000008000114                hexstring

.glue_7         0x000000000800012c        0x0
 .glue_7        0x000000000800012c        0x0 linker stubs

.glue_7t        0x000000000800012c        0x0
 .glue_7t       0x000000000800012c        0x0 linker stubs

.vfp11_veneer   0x000000000800012c        0x0
 .vfp11_veneer  0x000000000800012c        0x0 linker stubs

.v4_bx          0x000000000800012c        0x0
 .v4_bx         0x000000000800012c        0x0 linker stubs

.iplt           0x000000000800012c        0x0
 .iplt          0x000000000800012c        0x0 boot.o

.text.startup   0x000000000800012c       0x28
 .text.startup  0x000000000800012c       0x28 main.o
                0x000000000800012c                main

.rel.dyn        0x0000000008000154        0x0
 .rel.iplt      0x0000000008000154        0x0 boot.o

.rodata
 *(.rodata)

.bss            0x0000000008000154        0x0
 *(.bss)
 .bss           0x0000000008000154        0x0 boot.o
 .bss           0x0000000008000154        0x0 main.o

.data           0x0000000020000000        0x0 load address 0x0000000008000154
 *(.data)
 .data          0x0000000020000000        0x0 boot.o
 .data          0x0000000020000000        0x0 main.o
LOAD boot.o
LOAD main.o
OUTPUT(final.elf elf32-littlearm)
LOAD linker stubs

.igot.plt       0x0000000020000000        0x0 load address 0x0000000008000154
 .igot.plt      0x0000000020000000        0x0 boot.o

.ARM.attributes
                0x0000000000000000       0x2f
 .ARM.attributes
                0x0000000000000000       0x21 boot.o
 .ARM.attributes
                0x0000000000000021       0x2e main.o

.comment        0x0000000000000000       0x59
 .comment       0x0000000000000000       0x59 main.o
                                         0x5a (size before relaxing)

.debug_info     0x0000000000000000      0xcf6
 .debug_info    0x0000000000000000      0xcf6 main.o

.debug_abbrev   0x0000000000000000      0x27f
 .debug_abbrev  0x0000000000000000      0x27f main.o

.debug_loc      0x0000000000000000      0x293
 .debug_loc     0x0000000000000000      0x293 main.o

.debug_aranges  0x0000000000000000       0x28
 .debug_aranges
                0x0000000000000000       0x28 main.o

.debug_ranges   0x0000000000000000       0x18
 .debug_ranges  0x0000000000000000       0x18 main.o

.debug_line     0x0000000000000000      0x21b
 .debug_line    0x0000000000000000      0x21b main.o

.debug_str      0x0000000000000000      0x553
 .debug_str     0x0000000000000000      0x553 main.o
                                        0x5aa (size before relaxing)

.debug_frame    0x0000000000000000       0xd4
 .debug_frame   0x0000000000000000       0xd4 main.o
