
Memory Configuration

Name             Origin             Length             Attributes
rom              0x0000000008000000 0x0000000000100000
*default*        0x0000000000000000 0xffffffffffffffff

Linker script and memory map


.text           0x0000000008000000       0x3c
 *(.text)
 .text          0x0000000008000000       0x18 boot.o
                0x0000000008000000                _start
                0x000000000800000e                PUT32
                0x0000000008000012                GET32
                0x0000000008000016                dummy
 .text          0x0000000008000018       0x24 notmain.o
                0x0000000008000018                notmain
LOAD boot.o
LOAD notmain.o
OUTPUT(final.elf elf32-littlearm)
LOAD linker stubs

.data           0x000000000800003c        0x0
 .data          0x000000000800003c        0x0 boot.o
 .data          0x000000000800003c        0x0 notmain.o

.igot.plt       0x000000000800003c        0x0
 .igot.plt      0x000000000800003c        0x0 boot.o

.glue_7         0x000000000800003c        0x0
 .glue_7        0x000000000800003c        0x0 linker stubs

.glue_7t        0x000000000800003c        0x0
 .glue_7t       0x000000000800003c        0x0 linker stubs

.vfp11_veneer   0x000000000800003c        0x0
 .vfp11_veneer  0x000000000800003c        0x0 linker stubs

.v4_bx          0x000000000800003c        0x0
 .v4_bx         0x000000000800003c        0x0 linker stubs

.iplt           0x000000000800003c        0x0
 .iplt          0x000000000800003c        0x0 boot.o

.rel.dyn        0x000000000800003c        0x0
 .rel.iplt      0x000000000800003c        0x0 boot.o

.bss            0x000000000800003c        0x0
 .bss           0x000000000800003c        0x0 boot.o
 .bss           0x000000000800003c        0x0 notmain.o

.ARM.attributes
                0x0000000000000000       0x2f
 .ARM.attributes
                0x0000000000000000       0x21 boot.o
 .ARM.attributes
                0x0000000000000021       0x2e notmain.o

.comment        0x0000000000000000       0x59
 .comment       0x0000000000000000       0x59 notmain.o
                                         0x5a (size before relaxing)

.debug_info     0x0000000000000000       0x5b
 .debug_info    0x0000000000000000       0x5b notmain.o

.debug_abbrev   0x0000000000000000       0x55
 .debug_abbrev  0x0000000000000000       0x55 notmain.o

.debug_aranges  0x0000000000000000       0x20
 .debug_aranges
                0x0000000000000000       0x20 notmain.o

.debug_line     0x0000000000000000       0x85
 .debug_line    0x0000000000000000       0x85 notmain.o

.debug_str      0x0000000000000000       0xe0
 .debug_str     0x0000000000000000       0xe0 notmain.o

.debug_frame    0x0000000000000000       0x28
 .debug_frame   0x0000000000000000       0x28 notmain.o
