
Memory Configuration

Name             Origin             Length             Attributes
rom              0x0000000008000000 0x0000000000100000
ram              0x0000000020000000 0x0000000000018000
*default*        0x0000000000000000 0xffffffffffffffff

Linker script and memory map


.text           0x0000000008000000       0x14
 *(.text)
 .text          0x0000000008000000        0xe boot.o
                0x0000000008000000                _start
 *fill*         0x000000000800000e        0x2 
 .text          0x0000000008000010        0x4 main.o
                0x0000000008000010                delay

.glue_7         0x0000000008000014        0x0
 .glue_7        0x0000000008000014        0x0 linker stubs

.glue_7t        0x0000000008000014        0x0
 .glue_7t       0x0000000008000014        0x0 linker stubs

.vfp11_veneer   0x0000000008000014        0x0
 .vfp11_veneer  0x0000000008000014        0x0 linker stubs

.v4_bx          0x0000000008000014        0x0
 .v4_bx         0x0000000008000014        0x0 linker stubs

.iplt           0x0000000008000014        0x0
 .iplt          0x0000000008000014        0x0 boot.o

.text.startup   0x0000000008000014       0x7c
 .text.startup  0x0000000008000014       0x7c main.o
                0x0000000008000014                main

.rel.dyn        0x0000000008000090        0x0
 .rel.iplt      0x0000000008000090        0x0 boot.o

.rodata
 *(.rodata)

.bss            0x0000000008000090        0x0
 *(.bss)
 .bss           0x0000000008000090        0x0 boot.o
 .bss           0x0000000008000090        0x0 main.o

.data           0x0000000020000000        0x0 load address 0x0000000008000090
 *(.data)
 .data          0x0000000020000000        0x0 boot.o
 .data          0x0000000020000000        0x0 main.o
LOAD boot.o
LOAD main.o
OUTPUT(final.elf elf32-littlearm)
LOAD linker stubs

.igot.plt       0x0000000020000000        0x0 load address 0x0000000008000090
 .igot.plt      0x0000000020000000        0x0 boot.o

.ARM.attributes
                0x0000000000000000       0x2f
 .ARM.attributes
                0x0000000000000000       0x21 boot.o
 .ARM.attributes
                0x0000000000000021       0x2e main.o

.comment        0x0000000000000000       0x59
 .comment       0x0000000000000000       0x59 main.o
                                         0x5a (size before relaxing)

.debug_info     0x0000000000000000       0x8d
 .debug_info    0x0000000000000000       0x8d main.o

.debug_abbrev   0x0000000000000000       0x9b
 .debug_abbrev  0x0000000000000000       0x9b main.o

.debug_loc      0x0000000000000000       0x67
 .debug_loc     0x0000000000000000       0x67 main.o

.debug_aranges  0x0000000000000000       0x28
 .debug_aranges
                0x0000000000000000       0x28 main.o

.debug_ranges   0x0000000000000000       0x18
 .debug_ranges  0x0000000000000000       0x18 main.o

.debug_line     0x0000000000000000       0xf5
 .debug_line    0x0000000000000000       0xf5 main.o

.debug_str      0x0000000000000000       0xec
 .debug_str     0x0000000000000000       0xec main.o

.debug_frame    0x0000000000000000       0x3c
 .debug_frame   0x0000000000000000       0x3c main.o
